This is pdfTeX, Version 3.141592653-2.6-1.40.29 (TeX Live 2026) (preloaded format=pdflatex 2026.8.4)  11 SEP 2026 19:51
entering extended mode
 restricted \write18 enabled.
 file:line:error style messages enabled.
 %&-line parsing enabled.
**/Users/aymanpatel/Desktop/job-hunting/career-ops/output/wheely/cv-ayman-patel-wheely-2026-09-02.tex
(/Users/aymanpatel/Desktop/job-hunting/career-ops/output/wheely/cv-ayman-patel-wheely-2026-09-02.tex
LaTeX2e <2025-11-01>
L3 programming layer <2026-01-19>
(/usr/local/texlive/2026basic/texmf-dist/tex/latex/base/article.cls
Document Class: article 2025/01/22 v1.4n Standard LaTeX document class
(/usr/local/texlive/2026basic/texmf-dist/tex/latex/base/size11.clo
File: size11.clo 2025/01/22 v1.4n Standard LaTeX file (size option)
)
\c@part=\count275
\c@section=\count276
\c@subsection=\count277
\c@subsubsection=\count278
\c@paragraph=\count279
\c@subparagraph=\count280
\c@figure=\count281
\c@table=\count282
\abovecaptionskip=\skip49
\belowcaptionskip=\skip50
\bibindent=\dimen148
) (/usr/local/texlive/2026basic/texmf-dist/tex/latex/base/latexsym.sty
Package: latexsym 1998/08/17 v2.2e Standard LaTeX package (lasy symbols)
\symlasy=\mathgroup4
LaTeX Font Info:    Overwriting symbol font `lasy' in version `bold'
(Font)                  U/lasy/m/n --> U/lasy/b/n on input line 52.
)

! LaTeX Error: File `fullpage.sty' not found.

Type X to quit or <RETURN> to proceed,
or enter new name. (Default extension: sty)

Enter file name: 
/Users/aymanpatel/Desktop/job-hunting/career-ops/output/wheely/cv-ayman-patel-wheely-2026-09-02.tex:9: Emergency stop.
<read *> 
         
l.9 \usepackage
               {titlesec}^^M
*** (cannot \read from terminal in nonstop modes)

 
Here is how much of TeX's memory you used:
 279 strings out of 469006
 3923 string characters out of 5454814
 433756 words of memory out of 5000000
 29062 multiletter control sequences out of 15000+600000
 628021 words of font info for 41 fonts, out of 8000000 for 9000
 319 hyphenation exceptions out of 8191
 35i,0n,38p,233b,36s stack positions out of 10000i,1000n,20000p,200000b,200000s
/Users/aymanpatel/Desktop/job-hunting/career-ops/output/wheely/cv-ayman-patel-wheely-2026-09-02.tex:9:  ==> Fatal error occurred, no output PDF file produced!
